[billey.thememove.com/homepages/business/index.html]
[backblue.gif]
[fade.gif]
[index.html]
[billey-4437.kxcdn.com/wp-content/plugins/woocommerce/packages/woocommerce-blocks/build/wc-blocks-vendors-style.css]
[billey-4437.kxcdn.com/wp-content/plugins/woocommerce/packages/woocommerce-blocks/build/wc-all-blocks-style.css]
[billey-4437.kxcdn.com/wp-content/plugins/woo-smart-compare/assets/libs/perfect-scrollbar/css/perfect-scrollbar.min.css]
[billey-4437.kxcdn.com/wp-content/plugins/woo-smart-compare/assets/libs/perfect-scrollbar/css/custom-theme.css]
[billey-4437.kxcdn.com/wp-content/plugins/woo-smart-compare/assets/css/frontend.css]
[billey-4437.kxcdn.com/wp-content/plugins/woo-smart-wishlist/assets/css/icons.css]
[billey-4437.kxcdn.com/wp-content/plugins/woo-smart-wishlist/assets/css/frontend.css]
[billey-4437.kxcdn.com/wp-content/themes/billey/assets/fonts/satoshi/font-satoshi.min.css]
[billey-4437.kxcdn.com/wp-content/themes/billey/assets/fonts/futura/futura.css]
[billey-4437.kxcdn.com/wp-content/themes/billey/assets/fonts/awesome/css/fontawesome-all.min.css]
[billey-4437.kxcdn.com/wp-content/themes/billey/assets/libs/swiper/css/swiper.min.css]
[billey-4437.kxcdn.com/wp-content/themes/billey/assets/libs/lightGallery/css/lightgallery.min.css]
[billey-4437.kxcdn.com/wp-content/themes/billey/style.min.css]
[billey-4437.kxcdn.com/wp-content/themes/billey/woocommerce.min.css]
[billey-4437.kxcdn.com/wp-content/themes/billey/assets/libs/perfect-scrollbar/css/custom-theme.css]
[billey-4437.kxcdn.com/wp-content/plugins/elementor/assets/css/frontend.min.css]
[billey-4437.kxcdn.com/wp-content/uploads/elementor/css/post-3976.css]
[billey-4437.kxcdn.com/wp-content/plugins/elementor-pro/assets/css/frontend.min.css]
[billey-4437.kxcdn.com/wp-content/uploads/elementor/css/post-569.css]
[billey-4437.kxcdn.com/wp-content/uploads/elementor/css/post-679.css]
[billey-4437.kxcdn.com/wp-admin/css/color-picker.min.css]
[billey-4437.kxcdn.com/wp-content/plugins/bookingcom-official-searchbox/assets/css/bos_searchbox.css]
[billey-4437.kxcdn.com/wp-content/plugins/bookingcom-official-searchbox/assets/css/jquery-ui.css]
[billey-4437.kxcdn.com/wp-content/themes/billey-child-demo/style.css]
[billey-4437.kxcdn.com/wp-includes/js/jquery/jquery.min.js]
[billey-4437.kxcdn.com/wp-includes/js/jquery/jquery-migrate.min.js]
[billey-4437.kxcdn.com/wp-content/plugins/revslider/public/assets/js/rbtools.min.js]
[billey-4437.kxcdn.com/wp-content/plugins/revslider/public/assets/js/rs6.min.js]
[billey-4437.kxcdn.com/wp-content/themes/billey-child-demo/assets/images/favicon/favicon-32x32.png]
[billey-4437.kxcdn.com/wp-content/themes/billey-child-demo/assets/images/favicon/favicon-192x192.png]
[billey-4437.kxcdn.com/wp-content/themes/billey-child-demo/assets/images/favicon/favicon-180x180.png]
[billey-4437.kxcdn.com/wp-content/themes/billey/assets/images/logo/light-logo.png]
[billey-4437.kxcdn.com/wp-content/themes/billey/assets/images/logo/dark-logo.png]
[billey-4437.kxcdn.com/wp-content/plugins/revslider/public/assets/assets/dummy.png]
[billey-4437.kxcdn.com/wp-content/uploads/2019/10/portfolio-colored-03-480x480.jpg]
[billey-4437.kxcdn.com/wp-content/uploads/2019/10/portfolio-colored-02-480x480.jpg]
[billey-4437.kxcdn.com/wp-content/uploads/2019/10/portfolio-colored-01-480x480.jpg]
[billey-4437.kxcdn.com/wp-content/uploads/2019/08/portfolio-01-480x480.jpg]
[billey-4437.kxcdn.com/wp-content/uploads/2019/08/portfolio-02-480x480.jpg]
[billey-4437.kxcdn.com/wp-content/uploads/2019/08/portfolio-03-480x480.jpg]
[billey-4437.kxcdn.com/wp-content/uploads/2019/08/home-02-image-01.jpg]
[billey-4437.kxcdn.com/wp-content/uploads/2019/08/poros-testimonial-avata-02.jpg]
[billey-4437.kxcdn.com/wp-content/uploads/2019/08/poros-testimonial-avata-04.jpg]
[billey-4437.kxcdn.com/wp-content/uploads/2019/08/poros-testimonial-avata-01.jpg]
[billey-4437.kxcdn.com/wp-content/uploads/2019/08/poros-testimonial-avata-03.jpg]
[billey-4437.kxcdn.com/wp-content/uploads/2019/08/team-member-01-350x390.jpg]
[billey-4437.kxcdn.com/wp-content/uploads/2019/08/team-member-02-350x390.jpg]
[billey-4437.kxcdn.com/wp-content/uploads/2019/08/team-member-04-350x390.jpg]
[billey-4437.kxcdn.com/wp-content/uploads/2019/08/billy-icon-video-play-light-transparent.png]
[billey-4437.kxcdn.com/wp-content/uploads/2019/09/blog-06-480x320.jpg]
[billey-4437.kxcdn.com/wp-content/uploads/2019/09/blog-05-480x320.jpg]
[billey-4437.kxcdn.com/wp-content/uploads/2019/08/blog-04-480x320.jpg]
[billey-4437.kxcdn.com/wp-content/uploads/2019/07/blog-01-480x320.jpg]
[billey-4437.kxcdn.com/wp-content/themes/billey-child-demo/assets/images/loading.gif]
[billey-4437.kxcdn.com/wp-content/uploads/elementor/css/post-3375.css]
[billey-4437.kxcdn.com/wp-content/uploads/elementor/css/post-2739.css]
[billey-4437.kxcdn.com/wp-content/uploads/elementor/css/post-2250.css]
[billey-4437.kxcdn.com/wp-content/uploads/elementor/css/post-2170.css]
[billey-4437.kxcdn.com/wp-content/plugins/elementor/assets/lib/animations/animations.min.css]
[billey-4437.kxcdn.com/wp-content/plugins/revslider/public/assets/css/rs6.css]
[billey-4437.kxcdn.com/wp-content/themes/billey/assets/libs/polyfill/intersection-observer.min.js]
[billey-4437.kxcdn.com/wp-content/plugins/woocommerce/assets/js/jquery-blockui/jquery.blockUI.min.js]
[billey-4437.kxcdn.com/wp-content/plugins/woocommerce/assets/js/frontend/add-to-cart.min.js]
[billey-4437.kxcdn.com/wp-content/plugins/woo-smart-compare/assets/libs/print/jQuery.print.js]
[billey-4437.kxcdn.com/wp-content/plugins/woo-smart-compare/assets/libs/perfect-scrollbar/js/perfect-scrollbar.jquery.min.js]
[billey-4437.kxcdn.com/wp-content/themes/billey/assets/js/headroom.min.js]
[billey-4437.kxcdn.com/wp-content/themes/billey/assets/libs/smooth-scroll-for-web/SmoothScroll.min.js]
[billey-4437.kxcdn.com/wp-content/themes/billey/assets/libs/lightGallery/js/lightgallery-all.min.js]
[billey-4437.kxcdn.com/wp-content/themes/billey/assets/libs/elementor-waypoints/jquery.waypoints.min.js]
[billey-4437.kxcdn.com/wp-content/themes/billey/assets/libs/smooth-scroll/jquery.smooth-scroll.min.js]
[billey-4437.kxcdn.com/wp-includes/js/imagesloaded.min.js]
[billey-4437.kxcdn.com/wp-content/themes/billey/assets/libs/swiper/js/swiper.min.js]
[billey-4437.kxcdn.com/wp-content/themes/billey/assets/js/swiper-wrapper.js]
[billey-4437.kxcdn.com/wp-content/themes/billey/assets/libs/isotope/js/isotope.pkgd.js]
[billey-4437.kxcdn.com/wp-content/themes/billey/assets/libs/packery-mode/packery-mode.pkgd.js]
[billey-4437.kxcdn.com/wp-content/themes/billey/assets/js/grid-layout.js]
[billey-4437.kxcdn.com/wp-content/themes/billey/assets/libs/smartmenus/jquery.smartmenus.min.js]
[billey-4437.kxcdn.com/wp-content/themes/billey/assets/js/main.js]
[billey-4437.kxcdn.com/wp-content/themes/billey/assets/js/woo.js]
[billey-4437.kxcdn.com/wp-content/plugins/bookingcom-official-searchbox/assets/js/bos_main.js]
[billey-4437.kxcdn.com/wp-content/plugins/bookingcom-official-searchbox/assets/js/bos_date.js]
[billey-4437.kxcdn.com/wp-content/plugins/bookingcom-official-searchbox/assets/js/moment-with-locales.min.js]
[billey-4437.kxcdn.com/wp-includes/js/jquery/ui/core.min.js]
[billey-4437.kxcdn.com/wp-includes/js/jquery/ui/datepicker.min.js]
[billey-4437.kxcdn.com/wp-content/plugins/woocommerce/assets/js/js-cookie/js.cookie.min.js]
[billey-4437.kxcdn.com/wp-content/plugins/woocommerce/assets/js/frontend/cart-fragments.min.js]
[billey-4437.kxcdn.com/wp-content/themes/billey/elementor/assets/libs/vivus/vivus.js]
[billey-4437.kxcdn.com/wp-content/themes/billey/elementor/assets/js/widgets/widget-icon-box.js]
[billey-4437.kxcdn.com/wp-includes/js/hoverIntent.min.js]
[billey-4437.kxcdn.com/wp-content/themes/billey/elementor/assets/js/widgets/group-widget-carousel.js]
[billey-4437.kxcdn.com/wp-content/themes/billey/elementor/assets/js/widgets/widget-accordion.js]
[billey-4437.kxcdn.com/wp-content/plugins/elementor/assets/lib/jquery-numerator/jquery-numerator.min.js]
[billey-4437.kxcdn.com/wp-content/themes/billey/elementor/assets/js/widgets/grid-query.js]
[billey-4437.kxcdn.com/wp-content/themes/billey/elementor/assets/js/widgets/widget-grid-post.js]
[billey-4437.kxcdn.com/wp-content/plugins/elfsight-instagram-feed-cc/assets/elfsight-instagram-feed.js]
[billey-4437.kxcdn.com/wp-content/plugins/elementor-pro/assets/js/webpack-pro.runtime.min.js]
[billey-4437.kxcdn.com/wp-content/plugins/elementor/assets/js/webpack.runtime.min.js]
[billey-4437.kxcdn.com/wp-content/plugins/elementor/assets/js/frontend-modules.min.js]
[billey-4437.kxcdn.com/wp-includes/js/dist/vendor/wp-polyfill-inert.min.js]
[billey-4437.kxcdn.com/wp-includes/js/dist/vendor/regenerator-runtime.min.js]
[billey-4437.kxcdn.com/wp-includes/js/dist/vendor/wp-polyfill.min.js]
[billey-4437.kxcdn.com/wp-includes/js/dist/hooks.min.js]
[billey-4437.kxcdn.com/wp-includes/js/dist/i18n.min.js]
[billey-4437.kxcdn.com/wp-content/plugins/elementor-pro/assets/js/frontend.min.js]
[billey-4437.kxcdn.com/wp-content/plugins/elementor/assets/js/frontend.min.js]
[billey.thememove.com/homepages/business/index.html]
[billey-4437.kxcdn.com/wp-content/plugins/woocommerce/packages/woocommerce-blocks/build/wc-blocks-vendors-style.css]
[billey-4437.kxcdn.com/wp-content/plugins/woocommerce/packages/woocommerce-blocks/build/wc-all-blocks-style.css]
[billey-4437.kxcdn.com/wp-content/plugins/woo-smart-compare/assets/libs/perfect-scrollbar/css/perfect-scrollbar.min.css]
[billey-4437.kxcdn.com/wp-content/plugins/woo-smart-compare/assets/libs/perfect-scrollbar/css/custom-theme.css]
[billey-4437.kxcdn.com/wp-content/plugins/elementor-pro/assets/js/elements-handlers.min.js]
[billey-4437.kxcdn.com/wp-content/plugins/woo-smart-compare/assets/images/placeholder.png]
[billey-4437.kxcdn.com/wp-content/plugins/woo-smart-compare/assets/css/frontend.css]
[billey-4437.kxcdn.com/wp-content/plugins/woo-smart-wishlist/assets/css/icons.css]
[billey-4437.kxcdn.com/wp-content/plugins/woo-smart-wishlist/assets/css/frontend.css]
[billey-4437.kxcdn.com/wp-content/themes/billey/assets/fonts/satoshi/Satoshi-Light.woff2]
[billey-4437.kxcdn.com/wp-content/themes/billey/assets/fonts/satoshi/Satoshi-Light.woff]
[billey-4437.kxcdn.com/wp-content/themes/billey/assets/fonts/satoshi/Satoshi-Light.ttf]
[billey-4437.kxcdn.com/wp-content/themes/billey/assets/fonts/satoshi/Satoshi-LightItalic.woff2]
[billey-4437.kxcdn.com/wp-content/themes/billey/assets/fonts/satoshi/Satoshi-LightItalic.woff]
[billey-4437.kxcdn.com/wp-content/themes/billey/assets/fonts/satoshi/Satoshi-LightItalic.ttf]
[billey-4437.kxcdn.com/wp-content/themes/billey/assets/fonts/satoshi/Satoshi-Regular.woff2]
[billey-4437.kxcdn.com/wp-content/themes/billey/assets/fonts/satoshi/Satoshi-Regular.woff]
[billey-4437.kxcdn.com/wp-content/themes/billey/assets/fonts/satoshi/Satoshi-Regular.ttf]
[billey-4437.kxcdn.com/wp-content/themes/billey/assets/fonts/satoshi/Satoshi-Italic.woff2]
[billey-4437.kxcdn.com/wp-content/themes/billey/assets/fonts/satoshi/Satoshi-Italic.woff]
[billey-4437.kxcdn.com/wp-content/themes/billey/assets/fonts/satoshi/Satoshi-Italic.ttf]
[billey-4437.kxcdn.com/wp-content/themes/billey/assets/fonts/satoshi/Satoshi-Medium.woff2]
[billey-4437.kxcdn.com/wp-content/themes/billey/assets/fonts/satoshi/Satoshi-Medium.woff]
[billey-4437.kxcdn.com/wp-content/themes/billey/assets/fonts/satoshi/Satoshi-Medium.ttf]
[billey-4437.kxcdn.com/wp-content/themes/billey/assets/fonts/satoshi/Satoshi-MediumItalic.woff2]
[billey-4437.kxcdn.com/wp-content/themes/billey/assets/fonts/satoshi/Satoshi-MediumItalic.woff]
[billey-4437.kxcdn.com/wp-content/themes/billey/assets/fonts/satoshi/Satoshi-MediumItalic.ttf]
[billey-4437.kxcdn.com/wp-content/themes/billey/assets/fonts/satoshi/Satoshi-Bold.woff2]
[billey-4437.kxcdn.com/wp-content/themes/billey/assets/fonts/satoshi/Satoshi-Bold.woff]
[billey-4437.kxcdn.com/wp-content/themes/billey/assets/fonts/satoshi/Satoshi-Bold.ttf]
[billey-4437.kxcdn.com/wp-content/themes/billey/assets/fonts/satoshi/Satoshi-BoldItalic.woff2]
[billey-4437.kxcdn.com/wp-content/themes/billey/assets/fonts/satoshi/Satoshi-BoldItalic.woff]
[billey-4437.kxcdn.com/wp-content/themes/billey/assets/fonts/satoshi/Satoshi-BoldItalic.ttf]
[billey-4437.kxcdn.com/wp-content/themes/billey/assets/fonts/satoshi/Satoshi-Black.woff2]
[billey-4437.kxcdn.com/wp-content/themes/billey/assets/fonts/satoshi/Satoshi-Black.woff]
[billey-4437.kxcdn.com/wp-content/themes/billey/assets/fonts/satoshi/Satoshi-Black.ttf]
[billey-4437.kxcdn.com/wp-content/themes/billey/assets/fonts/satoshi/Satoshi-BlackItalic.woff2]
[billey-4437.kxcdn.com/wp-content/themes/billey/assets/fonts/satoshi/Satoshi-BlackItalic.woff]
[billey-4437.kxcdn.com/wp-content/themes/billey/assets/fonts/satoshi/Satoshi-BlackItalic.ttf]
[billey-4437.kxcdn.com/wp-content/themes/billey/assets/fonts/satoshi/font-satoshi.min.css]
[billey-4437.kxcdn.com/wp-content/themes/billey/assets/fonts/futura/Futura-Lightbt.ttf]
[billey-4437.kxcdn.com/wp-content/themes/billey/assets/fonts/futura/Futura-LightItalic.ttf]
[billey-4437.kxcdn.com/wp-content/themes/billey/assets/fonts/futura/Futura-Book.ttf]
[billey-4437.kxcdn.com/wp-content/themes/billey/assets/fonts/futura/Futura-BookItalic.ttf]
[billey-4437.kxcdn.com/wp-content/themes/billey/assets/fonts/futura/Futura-Medium.ttf]
[billey-4437.kxcdn.com/wp-content/themes/billey/assets/fonts/futura/Futura-MediumItalic.ttf]
[billey-4437.kxcdn.com/wp-content/themes/billey/assets/fonts/futura/Futura-Bol.ttf]
[billey-4437.kxcdn.com/wp-content/themes/billey/assets/fonts/futura/Futura-BoldItalic.ttf]
[billey-4437.kxcdn.com/wp-content/themes/billey/assets/fonts/futura/futura.css]
[billey-4437.kxcdn.com/wp-content/themes/billey/assets/fonts/awesome/css/fontawesome-all.min.css]
[billey-4437.kxcdn.com/wp-content/themes/billey/assets/libs/swiper/css/swiper.min.css]
[billey-4437.kxcdn.com/wp-content/themes/billey/assets/libs/lightGallery/img/vimeo-play.png]
[billey-4437.kxcdn.com/wp-content/themes/billey/assets/libs/lightGallery/img/video-play.png]
[billey-4437.kxcdn.com/wp-content/themes/billey/assets/libs/lightGallery/img/youtube-play.png]
[billey-4437.kxcdn.com/wp-content/themes/billey/assets/libs/lightGallery/img/loading.gif]
[billey-4437.kxcdn.com/wp-content/themes/billey/assets/libs/lightGallery/css/lightgallery.min.css]
[billey-4437.kxcdn.com/wp-content/themes/billey/assets/images/cursor/light-close.png]
[billey-4437.kxcdn.com/wp-content/themes/billey/assets/images/bg-pattern-cross-line.png]
[billey-4437.kxcdn.com/wp-content/themes/billey/style.min.css]
[billey-4437.kxcdn.com/wp-content/themes/billey/assets/images/swiper-arrow-right.svg]
[billey-4437.kxcdn.com/wp-content/themes/billey/assets/fonts/woocommerce/star.eot]
[billey-4437.kxcdn.com/wp-content/themes/billey/assets/fonts/woocommerce/stard41d.eot]
[billey-4437.kxcdn.com/wp-content/themes/billey/assets/fonts/woocommerce/star.woff]
[billey-4437.kxcdn.com/wp-content/themes/billey/assets/fonts/woocommerce/star.ttf]
[billey-4437.kxcdn.com/wp-content/themes/billey/assets/fonts/woocommerce/star.svg]
[billey-4437.kxcdn.com/wp-content/themes/billey/assets/fonts/woocommerce/WooCommerce.eot]
[billey-4437.kxcdn.com/wp-content/themes/billey/assets/fonts/woocommerce/WooCommerced41d.eot]
[billey-4437.kxcdn.com/wp-content/themes/billey/assets/fonts/woocommerce/WooCommerce.woff]
[billey-4437.kxcdn.com/wp-content/themes/billey/assets/fonts/woocommerce/WooCommerce.ttf]
[billey-4437.kxcdn.com/wp-content/themes/billey/assets/fonts/woocommerce/WooCommerce.svg]
[billey-4437.kxcdn.com/wp-content/themes/billey/assets/images/my-account-login-image.jpg]
[billey-4437.kxcdn.com/wp-content/themes/billey/woocommerce.min.css]
[billey-4437.kxcdn.com/wp-content/themes/billey/assets/libs/perfect-scrollbar/css/custom-theme.css]
[billey-4437.kxcdn.com/wp-content/plugins/elementor/assets/css/frontend.min.css]
[billey-4437.kxcdn.com/wp-content/uploads/elementor/css/post-3976.css]
[billey-4437.kxcdn.com/wp-content/plugins/elementor-pro/assets/css/frontend.min.css]
[billey.thememove.com/wp-content/uploads/2019/08/billy-testimonial-bg.jpg]
[billey.thememove.com/wp-content/uploads/2019/08/home-02-video-bg-01.jpg]
[billey-4437.kxcdn.com/wp-content/uploads/elementor/css/post-569.css]
[billey-4437.kxcdn.com/wp-content/uploads/elementor/css/post-679.css]
[billey-4437.kxcdn.com/wp-admin/css/color-picker.min.css]
[billey-4437.kxcdn.com/wp-content/plugins/bookingcom-official-searchbox/assets/images/Bed-2x.png]
[billey-4437.kxcdn.com/wp-content/plugins/bookingcom-official-searchbox/assets/css/bos_searchbox.css]
[billey-4437.kxcdn.com/wp-content/plugins/bookingcom-official-searchbox/assets/css/images/ui-icons_444444_256x240.png]
[billey-4437.kxcdn.com/wp-content/plugins/bookingcom-official-searchbox/assets/css/images/ui-icons_555555_256x240.png]
[billey-4437.kxcdn.com/wp-content/plugins/bookingcom-official-searchbox/assets/css/images/ui-icons_ffffff_256x240.png]
[billey-4437.kxcdn.com/wp-content/plugins/bookingcom-official-searchbox/assets/css/images/ui-icons_777620_256x240.png]
[billey-4437.kxcdn.com/wp-content/plugins/bookingcom-official-searchbox/assets/css/images/ui-icons_cc0000_256x240.png]
[billey-4437.kxcdn.com/wp-content/plugins/bookingcom-official-searchbox/assets/css/images/ui-icons_777777_256x240.png]
[billey-4437.kxcdn.com/wp-content/plugins/bookingcom-official-searchbox/assets/css/jquery-ui.css]
[billey-4437.kxcdn.com/wp-content/themes/billey-child-demo/style.css]
[billey-4437.kxcdn.com/wp-content/uploads/elementor/css/post-3375.css]
[billey-4437.kxcdn.com/wp-content/uploads/elementor/css/post-2739.css]
[billey-4437.kxcdn.com/wp-content/uploads/elementor/css/post-2250.css]
[billey-4437.kxcdn.com/wp-content/uploads/elementor/css/post-2170.css]
[billey-4437.kxcdn.com/wp-content/plugins/elementor/assets/lib/animations/animations.min.css]
[billey-4437.kxcdn.com/wp-content/plugins/revslider/public/assets/css/openhand.cur]
[billey-4437.kxcdn.com/wp-content/plugins/revslider/public/assets/css/closedhand.cur]
[billey-4437.kxcdn.com/wp-content/plugins/revslider/public/assets/assets/gridtile.png]
[billey-4437.kxcdn.com/wp-content/plugins/revslider/public/assets/assets/gridtile_white.png]
[billey-4437.kxcdn.com/wp-content/plugins/revslider/public/assets/assets/gridtile_3x3.png]
[billey-4437.kxcdn.com/wp-content/plugins/revslider/public/assets/assets/gridtile_3x3_white.png]
[billey-4437.kxcdn.com/wp-content/plugins/revslider/public/assets/assets/coloredbg.png]
[billey-4437.kxcdn.com/wp-content/plugins/revslider/public/assets/assets/loader.gif]
[billey-4437.kxcdn.com/wp-content/plugins/revslider/public/assets/css/rs6.css]
[billey-4437.kxcdn.com/wp-content/themes/billey/assets/images/swiper-arrow-right.svg]
[billey-4437.kxcdn.com/wp-content/themes/billey/assets/fonts/woocommerce/star.svg]
[billey-4437.kxcdn.com/wp-content/themes/billey/assets/fonts/woocommerce/WooCommerce.svg]
[billey-4437.kxcdn.com/wp-content/plugins/bookingcom-official-searchbox/assets/css/images/ui-icons_444444_256x240.html]
[billey-4437.kxcdn.com/wp-content/plugins/bookingcom-official-searchbox/assets/css/images/ui-icons_555555_256x240.html]
[billey-4437.kxcdn.com/wp-content/plugins/bookingcom-official-searchbox/assets/css/images/ui-icons_ffffff_256x240.html]
[billey-4437.kxcdn.com/wp-content/plugins/bookingcom-official-searchbox/assets/css/images/ui-icons_777620_256x240.html]
[billey-4437.kxcdn.com/wp-content/plugins/bookingcom-official-searchbox/assets/css/images/ui-icons_cc0000_256x240.html]
[billey-4437.kxcdn.com/wp-content/plugins/bookingcom-official-searchbox/assets/css/images/ui-icons_777777_256x240.html]
